[    0.000000] Initializing cgroup subsys cpuset
[    0.000000] Initializing cgroup subsys cpu
[    0.000000] Initializing cgroup subsys cpuacct
[    0.000000] Linux version 4.4.0-186-generic (buildd@lcy01-amd64-002) (gcc version 5.4.0 20160609 (Ubuntu 5.4.0-6ubuntu1~16.04.12) ) #216-Ubuntu SMP Wed Jul 1 05:34:05 UTC 2020 (Ubuntu 4.4.0-186.216-generic 4.4.228)
[    0.000000] Command line: BOOT_IMAGE=/boot/vmlinuz-4.4.0-186-generic root=LABEL=cloudimg-rootfs ro console=tty1 console=ttyS0
[    0.000000] KERNEL supported cpus:
[    0.000000]   Intel GenuineIntel
[    0.000000]   AMD AuthenticAMD
[    0.000000]   Centaur CentaurHauls
[    0.000000] x86/fpu: xstate_offset[2]:  576, xstate_sizes[2]:  256
[    0.000000] x86/fpu: Supporting XSAVE feature 0x01: 'x87 floating point registers'
[    0.000000] x86/fpu: Supporting XSAVE feature 0x02: 'SSE registers'
[    0.000000] x86/fpu: Supporting XSAVE feature 0x04: 'AVX registers'
[    0.000000] x86/fpu: Enabled xstate features 0x7, context size is 832 bytes, using 'standard' format.
[    0.000000] e820: BIOS-provided physical RAM map:
[    0.000000] BIOS-e820: [mem 0x0000000000000000-0x000000000009fbff] usable
[    0.000000] BIOS-e820: [mem 0x000000000009fc00-0x000000000009ffff] reserved
[    0.000000] BIOS-e820: [mem 0x00000000000f0000-0x00000000000fffff] reserved
[    0.000000] BIOS-e820: [mem 0x0000000000100000-0x000000003ffeffff] usable
[    0.000000] BIOS-e820: [mem 0x000000003fff0000-0x000000003fffffff] ACPI data
[    0.000000] BIOS-e820: [mem 0x00000000fec00000-0x00000000fec00fff] reserved
[    0.000000] BIOS-e820: [mem 0x00000000fee00000-0x00000000fee00fff] reserved
[    0.000000] BIOS-e820: [mem 0x00000000fffc0000-0x00000000ffffffff] reserved
[    0.000000] NX (Execute Disable) protection: active
[    0.000000] SMBIOS 2.5 present.
[    0.000000] Hypervisor detected: KVM
[    0.000000] e820: last_pfn = 0x3fff0 max_arch_pfn = 0x400000000
[    0.000000] MTRR: Disabled
[    0.000000] x86/PAT: MTRRs disabled, skipping PAT initialization too.
[    0.000000] CPU MTRRs all blank - virtualized system.
[    0.000000] x86/PAT: Configuration [0-7]: WB  WT  UC- UC  WB  WT  UC- UC  
[    0.000000] found SMP MP-table at [mem 0x0009fff0-0x0009ffff] mapped at [ffff88000009fff0]
[    0.000000] Scanning 1 areas for low memory corruption
[    0.000000] RAMDISK: [mem 0x362e2000-0x37168fff]
[    0.000000] ACPI: Early table checksum verification disabled
[    0.000000] ACPI: RSDP 0x00000000000E0000 000024 (v02 VBOX  )
[    0.000000] ACPI: XSDT 0x000000003FFF0030 00003C (v01 VBOX   VBOXXSDT 00000001 ASL  00000061)
[    0.000000] ACPI: FACP 0x000000003FFF00F0 0000F4 (v04 VBOX   VBOXFACP 00000001 ASL  00000061)
[    0.000000] ACPI: DSDT 0x000000003FFF0470 002325 (v02 VBOX   VBOXBIOS 00000002 INTL 20100528)
[    0.000000] ACPI: FACS 0x000000003FFF0200 000040
[    0.000000] ACPI: FACS 0x000000003FFF0200 000040
[    0.000000] ACPI: APIC 0x000000003FFF0240 00005C (v02 VBOX   VBOXAPIC 00000001 ASL  00000061)
[    0.000000] ACPI: SSDT 0x000000003FFF02A0 0001CC (v01 VBOX   VBOXCPUT 00000002 INTL 20100528)
[    0.000000] No NUMA configuration found
[    0.000000] Faking a node at [mem 0x0000000000000000-0x000000003ffeffff]
[    0.000000] NODE_DATA(0) allocated [mem 0x3ffeb000-0x3ffeffff]
[    0.000000] kvm-clock: Using msrs 4b564d01 and 4b564d00
[    0.000000] kvm-clock: cpu 0, msr 0:3ffe3001, primary cpu clock
[    0.000000] kvm-clock: using sched offset of 5226537614 cycles
[    0.000000] clocksource: kvm-clock: mask: 0xffffffffffffffff max_cycles: 0x1cd42e4dffb, max_idle_ns: 881590591483 ns
[    0.000000] Zone ranges:
[    0.000000]   DMA      [mem 0x0000000000001000-0x0000000000ffffff]
[    0.000000]   DMA32    [mem 0x0000000001000000-0x000000003ffeffff]
[    0.000000]   Normal   empty
[    0.000000]   Device   empty
[    0.000000] Movable zone start for each node
[    0.000000] Early memory node ranges
[    0.000000]   node   0: [mem 0x0000000000001000-0x000000000009efff]
[    0.000000]   node   0: [mem 0x0000000000100000-0x000000003ffeffff]
[    0.000000] Initmem setup node 0 [mem 0x0000000000001000-0x000000003ffeffff]
[    0.000000] ACPI: PM-Timer IO Port: 0x4008
[    0.000000] IOAPIC[0]: apic_id 2, version 32, address 0xfec00000, GSI 0-23
[    0.000000] ACPI: INT_SRC_OVR (bus 0 bus_irq 0 global_irq 2 dfl dfl)
[    0.000000] ACPI: INT_SRC_OVR (bus 0 bus_irq 9 global_irq 9 low level)
[    0.000000] Using ACPI (MADT) for SMP configuration information
[    0.000000] smpboot: Allowing 2 CPUs, 0 hotplug CPUs
[    0.000000] PM: Registered nosave memory: [mem 0x00000000-0x00000fff]
[    0.000000] PM: Registered nosave memory: [mem 0x0009f000-0x0009ffff]
[    0.000000] PM: Registered nosave memory: [mem 0x000a0000-0x000effff]
[    0.000000] PM: Registered nosave memory: [mem 0x000f0000-0x000fffff]
[    0.000000] e820: [mem 0x40000000-0xfebfffff] available for PCI devices
[    0.000000] Booting paravirtualized kernel on KVM
[    0.000000] clocksource: refined-jiffies: mask: 0xffffffff max_cycles: 0xffffffff, max_idle_ns: 7645519600211568 ns
[    0.000000] setup_percpu: NR_CPUS:512 nr_cpumask_bits:512 nr_cpu_ids:2 nr_node_ids:1
[    0.000000] PERCPU: Embedded 33 pages/cpu @ffff88003fc00000 s95512 r8192 d31464 u1048576
[    0.000000] Built 1 zonelists in Node order, mobility grouping on.  Total pages: 257912
[    0.000000] Policy zone: DMA32
[    0.000000] Kernel command line: BOOT_IMAGE=/boot/vmlinuz-4.4.0-186-generic root=LABEL=cloudimg-rootfs ro console=tty1 console=ttyS0
[    0.000000] PID hash table entries: 4096 (order: 3, 32768 bytes)
[    0.000000] Memory: 997668K/1048120K available (8636K kernel code, 1337K rwdata, 4040K rodata, 1492K init, 1296K bss, 50452K reserved, 0K cma-reserved)
[    0.000000] SLUB: HWalign=64, Order=0-3, MinObjects=0, CPUs=2, Nodes=1
[    0.000000] Kernel/User page tables isolation: enabled
[    0.000000] Hierarchical RCU implementation.
[    0.000000] 	Build-time adjustment of leaf fanout to 64.
[    0.000000] 	RCU restricting CPUs from NR_CPUS=512 to nr_cpu_ids=2.
[    0.000000] RCU: Adjusting geometry for rcu_fanout_leaf=64, nr_cpu_ids=2
[    0.000000] NR_IRQS:33024 nr_irqs:440 16
[    0.000000] Console: colour VGA+ 80x25
[    0.000000] console [tty1] enabled
[    0.000000] console [ttyS0] enabled
[    0.000000] tsc: Detected 3408.000 MHz processor
[    0.166242] Calibrating delay loop (skipped) preset value.. 6816.00 BogoMIPS (lpj=13632000)
[    0.168566] pid_max: default: 32768 minimum: 301
[    0.169984] ACPI: Core revision 20150930
[    0.171684] ACPI: 2 ACPI AML tables successfully acquired and loaded
[    0.174426] Security Framework initialized
[    0.175818] Yama: becoming mindful.
[    0.177715] AppArmor: AppArmor initialized
[    0.178966] Dentry cache hash table entries: 131072 (order: 8, 1048576 bytes)
[    0.182354] Inode-cache hash table entries: 65536 (order: 7, 524288 bytes)
[    0.184546] Mount-cache hash table entries: 2048 (order: 2, 16384 bytes)
[    0.186677] Mountpoint-cache hash table entries: 2048 (order: 2, 16384 bytes)
[    0.188489] Initializing cgroup subsys io
[    0.189549] Initializing cgroup subsys memory
[    0.190628] Initializing cgroup subsys devices
[    0.191744] Initializing cgroup subsys freezer
[    0.193341] Initializing cgroup subsys net_cls
[    0.194628] Initializing cgroup subsys perf_event
[    0.195809] Initializing cgroup subsys net_prio
[    0.196900] Initializing cgroup subsys hugetlb
[    0.198084] Initializing cgroup subsys pids
[    0.200221] mce: CPU supports 0 MCE banks
[    0.201731] Last level iTLB entries: 4KB 128, 2MB 8, 4MB 8
[    0.203035] Last level dTLB entries: 4KB 64, 2MB 0, 4MB 0, 1GB 4
[    0.204468] Spectre V1 : Mitigation: usercopy/swapgs barriers and __user pointer sanitization
[    0.206551] Spectre V2 : Mitigation: Full generic retpoline
[    0.207857] Spectre V2 : Spectre v2 / SpectreRSB mitigation: Filling RSB on context switch
[    0.210696] Speculative Store Bypass: Vulnerable
[    0.211959] SRBDS: Unknown: Dependent on hypervisor status
[    0.213351] MDS: Mitigation: Clear CPU buffers
[    0.216707] Freeing SMP alternatives memory: 36K
[    0.223130] ftrace: allocating 32334 entries in 127 pages
[    0.277282] smpboot: APIC(0) Converting physical 0 to logical package 0
[    0.279197] smpboot: Max logical packages: 1
[    0.281029] x2apic enabled
[    0.282268] Switched APIC routing to physical x2apic.
[    0.284425] ..TIMER: vector=0x30 apic1=0 pin1=2 apic2=-1 pin2=-1
[    0.394042] smpboot: CPU0: Intel(R) Core(TM) i5-7500 CPU @ 3.40GHz (family: 0x6, model: 0x9e, stepping: 0x9)
[    0.396742] Performance Events: unsupported p6 CPU model 158 no PMU driver, software events only.
[    0.408072] KVM setup paravirtual spinlock
[    0.410507] x86: Booting SMP configuration:
[    0.411564] .... node  #0, CPUs:      #1
[    0.412939] kvm-clock: cpu 1, msr 0:3ffe3041, secondary cpu clock
[    0.415201] mce: CPU supports 0 MCE banks
[    0.418196] x86: Booted up 1 node, 2 CPUs
[    0.419366] smpboot: Total of 2 processors activated (13632.00 BogoMIPS)
[    0.421292] devtmpfs: initialized
[    0.423572] evm: security.selinux
[    0.424815] evm: security.SMACK64
[    0.426055] evm: security.SMACK64EXEC
[    0.427081] evm: security.SMACK64TRANSMUTE
[    0.428114] evm: security.SMACK64MMAP
[    0.429063] evm: security.ima
[    0.429900] evm: security.capability
[    0.431076] clocksource: jiffies: mask: 0xffffffff max_cycles: 0xffffffff, max_idle_ns: 7645041785100000 ns
[    0.434198] futex hash table entries: 512 (order: 3, 32768 bytes)
[    0.435717] pinctrl core: initialized pinctrl subsystem
[    0.437307] RTC time:  3:03:49, date: 09/16/20
[    0.438673] NET: Registered protocol family 16
[    0.453999] cpuidle: using governor ladder
[    0.465172] cpuidle: using governor menu
[    0.466488] PCCT header not found.
[    0.467572] ACPI: bus type PCI registered
[    0.468896] acpiphp: ACPI Hot Plug PCI Controller Driver version: 0.5
[    0.471243] PCI: Using configuration type 1 for base access
[    0.485951] ACPI: Added _OSI(Module Device)
[    0.487147] ACPI: Added _OSI(Processor Device)
[    0.488770] ACPI: Added _OSI(3.0 _SCP Extensions)
[    0.490227] ACPI: Added _OSI(Processor Aggregator Device)
[    0.492636] ACPI: Executed 1 blocks of module-level executable AML code
[    0.496344] ACPI: Interpreter enabled
[    0.497822] ACPI: (supports S0 S5)
[    0.499008] ACPI: Using IOAPIC for interrupt routing
[    0.500814] PCI: Using host bridge windows from ACPI; if necessary, use "pci=nocrs" and report a bug
[    0.507792] ACPI: PCI Root Bridge [PCI0] (domain 0000 [bus 00-ff])
[    0.509323] acpi PNP0A03:00: _OSC: OS supports [ASPM ClockPM Segments MSI]
[    0.511340] acpi PNP0A03:00: _OSC: not requesting OS control; OS requires [ExtendedConfig ASPM ClockPM MSI]
[    0.514438] acpi PNP0A03:00: fail to add MMCONFIG information, can't access extended PCI configuration space under this bridge.
[    0.517394] PCI host bridge to bus 0000:00
[    0.518507] pci_bus 0000:00: root bus resource [io  0x0000-0x0cf7 window]
[    0.520249] pci_bus 0000:00: root bus resource [io  0x0d00-0xffff window]
[    0.522618] pci_bus 0000:00: root bus resource [mem 0x000a0000-0x000bffff window]
[    0.524670] pci_bus 0000:00: root bus resource [mem 0x40000000-0xfdffffff window]
[    0.527466] pci_bus 0000:00: root bus resource [bus 00-ff]
[    0.532903] pci 0000:00:01.1: legacy IDE quirk: reg 0x10: [io  0x01f0-0x01f7]
[    0.534759] pci 0000:00:01.1: legacy IDE quirk: reg 0x14: [io  0x03f6]
[    0.536341] pci 0000:00:01.1: legacy IDE quirk: reg 0x18: [io  0x0170-0x0177]
[    0.546337] pci 0000:00:01.1: legacy IDE quirk: reg 0x1c: [io  0x0376]
[    0.561887] pci 0000:00:07.0: quirk: [io  0x4000-0x403f] claimed by PIIX4 ACPI
[    0.563882] pci 0000:00:07.0: quirk: [io  0x4100-0x410f] claimed by PIIX4 SMB
[    0.569682] ACPI: PCI Interrupt Link [LNKA] (IRQs 5 9 10 *11)
[    0.571827] ACPI: PCI Interrupt Link [LNKB] (IRQs 5 9 *10 11)
[    0.573950] ACPI: PCI Interrupt Link [LNKC] (IRQs 5 *9 10 11)
[    0.575889] ACPI: PCI Interrupt Link [LNKD] (IRQs 5 9 10 *11)
[    0.577952] ACPI: Enabled 2 GPEs in block 00 to 07
[    0.579556] vgaarb: setting as boot device: PCI:0000:00:02.0
[    0.580868] vgaarb: device added: PCI:0000:00:02.0,decodes=io+mem,owns=io+mem,locks=none
[    0.582894] vgaarb: loaded
[    0.583652] vgaarb: bridge control possible 0000:00:02.0
[    0.585971] SCSI subsystem initialized
[    0.587295] ACPI: bus type USB registered
[    0.588311] usbcore: registered new interface driver usbfs
[    0.589758] usbcore: registered new interface driver hub
[    0.591079] usbcore: registered new device driver usb
[    0.593146] PCI: Using ACPI for IRQ routing
[    0.595921] NetLabel: Initializing
[    0.597091] NetLabel:  domain hash size = 128
[    0.598170] NetLabel:  protocols = UNLABELED CIPSOv4
[    0.599367] NetLabel:  unlabeled traffic allowed by default
[    0.601808] amd_nb: Cannot enumerate AMD northbridges
[    0.603710] clocksource: Switched to clocksource kvm-clock
[    0.612362] AppArmor: AppArmor Filesystem Enabled
[    0.613881] pnp: PnP ACPI init
[    0.615625] pnp: PnP ACPI: found 3 devices
[    0.627414] clocksource: acpi_pm: mask: 0xffffff max_cycles: 0xffffff, max_idle_ns: 2085701024 ns
[    0.629750] NET: Registered protocol family 2
[    0.630944] TCP established hash table entries: 8192 (order: 4, 65536 bytes)
[    0.633481] TCP bind hash table entries: 8192 (order: 5, 131072 bytes)
[    0.634993] TCP: Hash tables configured (established 8192 bind 8192)
[    0.636568] UDP hash table entries: 512 (order: 2, 16384 bytes)
[    0.637938] UDP-Lite hash table entries: 512 (order: 2, 16384 bytes)
[    0.639429] NET: Registered protocol family 1
[    0.640592] pci 0000:00:00.0: Limiting direct PCI/PCI transfers
[    0.641988] pci 0000:00:01.0: Activating ISA DMA hang workarounds
[    0.643610] Unpacking initramfs...
[    0.841643] Freeing initrd memory: 14876K
[    0.843076] clocksource: tsc: mask: 0xffffffffffffffff max_cycles: 0x311fd3cd494, max_idle_ns: 440795223879 ns
[    0.845522] platform rtc_cmos: registered platform RTC device (no PNP device found)
[    0.847403] Scanning for low memory corruption every 60 seconds
[    0.849858] audit: initializing netlink subsys (disabled)
[    0.851155] audit: type=2000 audit(1600225436.284:1): initialized
[    0.852866] Initialise system trusted keyring
[    0.854162] HugeTLB registered 2 MB page size, pre-allocated 0 pages
[    0.856931] zbud: loaded
[    0.858231] VFS: Disk quotas dquot_6.6.0
[    0.859260] VFS: Dquot-cache hash table entries: 512 (order 0, 4096 bytes)
[    0.861094] squashfs: version 4.0 (2009/01/31) Phillip Lougher
[    0.862746] fuse init (API version 7.23)
[    0.863995] Key type big_key registered
[    0.865674] Allocating IMA MOK and blacklist keyrings.
[    0.868727] Key type asymmetric registered
[    0.869771] Asymmetric key parser 'x509' registered
[    0.870975] Block layer SCSI generic (bsg) driver version 0.4 loaded (major 249)
[    0.873749] io scheduler noop registered
[    0.874791] io scheduler deadline registered (default)
[    0.876158] io scheduler cfq registered
[    0.877226] pci_hotplug: PCI Hot Plug PCI Core version: 0.5
[    0.878537] pciehp: PCI Express Hot Plug Controller Driver version: 0.4
[    0.880410] ACPI: AC Adapter [AC] (on-line)
[    0.881928] input: Power Button as /devices/LNXSYSTM:00/LNXPWRBN:00/input/input0
[    0.883815] ACPI: Power Button [PWRF]
[    0.884882] input: Sleep Button as /devices/LNXSYSTM:00/LNXSLPBN:00/input/input1
[    0.886772] ACPI: Sleep Button [SLPF]
[    0.888031] GHES: HEST is not enabled!
[    0.889800] Serial: 8250/16550 driver, 32 ports, IRQ sharing enabled
[    0.911902] 00:02: ttyS0 at I/O 0x3f8 (irq = 4, base_baud = 115200) is a 16550A
[    0.917165] Linux agpgart interface v0.103
[    0.919624] loop: module loaded
[    0.921189] scsi host0: ata_piix
[    0.922294] scsi host1: ata_piix
[    0.923153] ata1: PATA max UDMA/33 cmd 0x1f0 ctl 0x3f6 bmdma 0xd000 irq 14
[    0.924749] ata2: PATA max UDMA/33 cmd 0x170 ctl 0x376 bmdma 0xd008 irq 15
[    0.926370] libphy: Fixed MDIO Bus: probed
[    0.927483] tun: Universal TUN/TAP device driver, 1.6
[    0.929650] tun: (C) 1999-2004 Max Krasnyansky <maxk@qualcomm.com>
[    0.931207] PPP generic driver version 2.4.2
[    0.932659] ehci_hcd: USB 2.0 'Enhanced' Host Controller (EHCI) Driver
[    0.934199] ehci-pci: EHCI PCI platform driver
[    0.935313] ehci-platform: EHCI generic platform driver
[    0.937369] ohci_hcd: USB 1.1 'Open' Host Controller (OHCI) Driver
[    0.938886] ohci-pci: OHCI PCI platform driver
[    0.939989] ohci-platform: OHCI generic platform driver
[    0.941254] uhci_hcd: USB Universal Host Controller Interface driver
[    0.942770] i8042: PNP: PS/2 Controller [PNP0303:PS2K,PNP0f03:PS2M] at 0x60,0x64 irq 1,12
[    0.946008] serio: i8042 KBD port at 0x60,0x64 irq 1
[    0.947217] serio: i8042 AUX port at 0x60,0x64 irq 12
[    0.948758] mousedev: PS/2 mouse device common for all mice
[    0.950701] input: AT Translated Set 2 keyboard as /devices/platform/i8042/serio0/input/input2
[    0.954045] rtc_cmos rtc_cmos: rtc core: registered rtc_cmos as rtc0
[    0.955557] rtc_cmos rtc_cmos: alarms up to one day, 114 bytes nvram
[    0.957109] i2c /dev entries driver
[    0.958069] device-mapper: uevent: version 1.0.3
[    0.959284] device-mapper: ioctl: 4.34.0-ioctl (2015-10-28) initialised: dm-devel@redhat.com
[    0.962180] ledtrig-cpu: registered to indicate activity on CPUs
[    0.964302] NET: Registered protocol family 10
[    0.965611] NET: Registered protocol family 17
[    0.966768] Key type dns_resolver registered
[    0.968784] registered taskstats version 1
[    0.970112] Loading compiled-in X.509 certificates
[    0.971724] Loaded X.509 cert 'Build time autogenerated kernel key: cef5e81496c0efa51b848ab539e845ddf31c08be'
[    0.974246] zswap: loaded using pool lzo/zbud
[    0.977050] Key type trusted registered
[    0.981096] Key type encrypted registered
[    0.982124] AppArmor: AppArmor sha1 policy hashing enabled
[    0.983436] ima: No TPM chip found, activating TPM-bypass!
[    0.985499] ima: Allocated hash algorithm: sha1
[    0.986684] evm: HMAC attrs: 0x1
[    0.987942]   Magic number: 4:50:58
[    0.988964] rtc_cmos rtc_cmos: setting system clock to 2020-09-16 03:03:50 UTC (1600225430)
[    0.991056] BIOS EDD facility v0.16 2004-Jun-25, 0 devices found
[    0.993039] EDD information not available.
[    1.103703] Freeing unused kernel memory: 1492K
[    1.104991] Write protecting the kernel read-only data: 14336k
[    1.106937] Freeing unused kernel memory: 1592K
[    1.108356] Freeing unused kernel memory: 56K
Loading, please wait...
starting version 229
[    1.122367] random: systemd-udevd: uninitialized urandom read (16 bytes read, 3 bits of entropy available)
[    1.124515] random: udevadm: uninitialized urandom read (16 bytes read, 3 bits of entropy available)
[    1.124531] random: udevadm: uninitialized urandom read (16 bytes read, 3 bits of entropy available)
[    1.129941] random: systemd-udevd: uninitialized urandom read (16 bytes read, 3 bits of entropy available)
[    1.132514] random: systemd-udevd: uninitialized urandom read (16 bytes read, 3 bits of entropy available)
[    1.135076] random: systemd-udevd: uninitialized urandom read (16 bytes read, 3 bits of entropy available)
[    1.138389] random: systemd-udevd: uninitialized urandom read (16 bytes read, 3 bits of entropy available)
[    1.140955] random: udevadm: uninitialized urandom read (16 bytes read, 3 bits of entropy available)
[    1.140991] random: udevadm: uninitialized urandom read (16 bytes read, 3 bits of entropy available)
[    1.141099] random: udevadm: uninitialized urandom read (16 bytes read, 3 bits of entropy available)
[    1.182423] e1000: Intel(R) PRO/1000 Network Driver - version 7.3.21-k8-NAPI
[    1.184810] e1000: Copyright (c) 1999-2006 Intel Corporation.
[    1.190688] Fusion MPT base driver 3.04.20
[    1.192027] Copyright (c) 1999-2008 LSI Corporation
[    1.212800] Fusion MPT SPI Host driver 3.04.20
[    1.215934] AVX2 version of gcm_enc/dec engaged.
[    1.217219] AES CTR mode by8 optimization enabled
[    1.407878] input: ImExPS/2 Generic Explorer Mouse as /devices/platform/i8042/serio1/input/input4
[    1.596324] e1000 0000:00:03.0 eth0: (PCI:33MHz:32-bit) 02:d4:60:56:24:74
[    1.598441] e1000 0000:00:03.0 eth0: Intel(R) PRO/1000 Network Connection
[    1.601333] mptbase: ioc0: Initiating bringup
[    1.602908] e1000 0000:00:03.0 enp0s3: renamed from eth0
[    1.843467] ioc0: LSI53C1030 A0: Capabilities={Initiator}
[    4.802111] scsi host2: ioc0: LSI53C1030 A0, FwRev=00000000h, Ports=1, MaxQ=256, IRQ=20
[    6.845138] scsi 2:0:0:0: Direct-Access     VBOX     HARDDISK         1.0  PQ: 0 ANSI: 5
[    6.848215] scsi target2:0:0: Beginning Domain Validation
[    6.852737] scsi target2:0:0: Domain Validation skipping write tests
[    6.854951] scsi target2:0:0: Ending Domain Validation
[    6.857608] scsi target2:0:0: asynchronous
[    6.859847] scsi 2:0:1:0: Direct-Access     VBOX     HARDDISK         1.0  PQ: 0 ANSI: 5
[    6.862682] scsi target2:0:1: Beginning Domain Validation
[    6.867404] scsi target2:0:1: Domain Validation skipping write tests
[    6.869600] scsi target2:0:1: Ending Domain Validation
[    6.871445] scsi target2:0:1: asynchronous
[    6.898514] sd 2:0:0:0: Attached scsi generic sg0 type 0
[    6.900610] sd 2:0:0:0: [sda] 20971520 512-byte logical blocks: (10.7 GB/10.0 GiB)
[    6.903690] sd 2:0:1:0: [sdb] 20480 512-byte logical blocks: (10.5 MB/10.0 MiB)
[    6.907120] sd 2:0:1:0: Attached scsi generic sg1 type 0
[    6.908297] sd 2:0:0:0: [sda] Write Protect is off
[    6.908337] sd 2:0:1:0: [sdb] Write Protect is off
[    6.908452] sd 2:0:0:0: [sda] Incomplete mode parameter data
[    6.908469] sd 2:0:0:0: [sda] Assuming drive cache: write through
[    6.908571] sd 2:0:1:0: [sdb] Incomplete mode parameter data
[    6.908572] sd 2:0:1:0: [sdb] Assuming drive cache: write through
[    6.926414]  sda: sda1
[    6.929066] sd 2:0:0:0: [sda] Attached SCSI disk
[    6.933197] sd 2:0:1:0: [sdb] Attached SCSI disk
Begin: Loading essential drivers ... [    8.276261] md: linear personality registered for level -1
[    8.280819] md: multipath personality registered for level -4
[    8.285269] md: raid0 personality registered for level 0
[    8.290697] md: raid1 personality registered for level 1
[    8.363936] raid6: sse2x1   gen() 13286 MB/s
[    8.432548] raid6: sse2x1   xor()  9821 MB/s
[    8.502499] raid6: sse2x2   gen() 17073 MB/s
[    8.572517] raid6: sse2x2   xor() 11286 MB/s
[    8.639907] raid6: sse2x4   gen() 18780 MB/s
[    8.707974] raid6: sse2x4   xor() 11727 MB/s
[    8.782732] raid6: avx2x1   gen() 25097 MB/s
[    8.852761] raid6: avx2x2   gen() 31009 MB/s
[    8.920240] raid6: avx2x4   gen() 33933 MB/s
[    8.921760] raid6: using algorithm avx2x4 gen() 33933 MB/s
[    8.923810] raid6: using avx2x2 recovery algorithm
[    8.926644] xor: automatically using best checksumming function:
[    8.967974]    avx       : 27400.000 MB/sec
[    8.970589] async_tx: api initialized (async)
[    8.981992] md: raid6 personality registered for level 6
[    8.983962] md: raid5 personality registered for level 5
[    8.985861] md: raid4 personality registered for level 4
[    8.993091] md: raid10 personality registered for level 10
done.
Begin: Running /scripts/init-premount ... done.
Begin: Mounting root file system ... Begin: Running /scripts/local-top ... done.
Begin: Running /scripts/local-premount ... [    9.018527] Btrfs loaded
Scanning for Btrfs filesystems
done.
Warning: fsck not present, so skipping root file system
[    9.105996] EXT4-fs (sda1): mounted filesystem with ordered data mode. Opts: (null)
done.
Begin: Running /scripts/local-bottom ... done.
Begin: Running /scripts/init-bottom ... done.
[    9.525461] systemd[1]: systemd 229 running in system mode. (+PAM +AUDIT +SELINUX +IMA +APPARMOR +SMACK +SYSVINIT +UTMP +LIBCRYPTSETUP +GCRYPT +GNUTLS +ACL +XZ -LZ4 +SECCOMP +BLKID +ELFUTILS +KMOD -IDN)
[    9.532013] systemd[1]: Detected virtualization oracle.
[    9.533902] systemd[1]: Detected architecture x86-64.

Welcome to [1mUbuntu 16.04.6 LTS[0m!

[    9.569694] systemd[1]: Set hostname to <ubuntu>.
[    9.590101] systemd[1]: Initializing machine ID from random generator.
[    9.592763] systemd[1]: Installed transient /etc/machine-id file.
[   10.043966] systemd[1]: Listening on LVM2 poll daemon socket.
[[0;32m  OK  [0m] Listening on LVM2 poll daemon socket.
[   10.046895] systemd[1]: Listening on Journal Audit Socket.
[[0;32m  OK  [0m] Listening on Journal Audit Socket.
[   10.049913] systemd[1]: Created slice User and Session Slice.
[[0;32m  OK  [0m] Created slice User and Session Slice.
[   10.053009] systemd[1]: Started Trigger resolvconf update for networkd DNS.
[[0;32m  OK  [0m] Started Trigger resolvconf update for networkd DNS.
[   10.056456] systemd[1]: Listening on Journal Socket.
[[0;32m  OK  [0m] Listening on Journal Socket.
[   10.058916] systemd[1]: Listening on LVM2 metadata daemon socket.
[[0;32m  OK  [0m] Listening on LVM2 metadata daemon socket.
[   10.062064] systemd[1]: Listening on Syslog Socket.
[[0;32m  OK  [0m] Listening on Syslog Socket.
[   10.064351] systemd[1]: Listening on Device-mapper event daemon FIFOs.
[[0;32m  OK  [0m] Listening on Device-mapper event daemon FIFOs.
[   10.067817] systemd[1]: Listening on /dev/initctl Compatibility Named Pipe.
[[0;32m  OK  [0m] Listening on /dev/initctl Compatibility Named Pipe.
[   10.071430] systemd[1]: Created slice System Slice.
[[0;32m  OK  [0m] Created slice System Slice.
[   10.092511] systemd[1]: Mounting POSIX Message Queue File System...
         Mounting POSIX Message Queue File System...
[   10.102656] systemd[1]: Starting Load Kernel Modules...
         Starting Load Kernel Modules...
[   10.112733] systemd[1]: Mounting Huge Pages File System...
         Mounting Huge Pages File System...
[   10.116334] systemd[1]: Starting Remount Root and Kernel File Systems...
         Starting Remount Root and Kernel File Systems...
[   10.124629] systemd[1]: Mounting Debug File System...
         Mounting Debug File System...
[   10.128814] systemd[1]: Starting Nameserver information manager...
         Starting Nameserver information manager...
[   10.133938] systemd[1]: Starting Create list of required static device nodes for the current kernel...
         Starting Create list of required st... nodes for the current kernel...
[   10.140157] systemd[1]: Starting Monitoring of LVM2 mirrors, snapshots etc. using dmeventd or progress polling...
[   10.144105] Loading iSCSI transport class v2.0-870.
         Startin[   10.146512] EXT4-fs (sda1): re-mounted. Opts: (null)
g Monitoring of LVM2 mirrors... dmeventd or progress polling...
[   10.149370] systemd[1]: Starting Uncomplicated firewall...
         Starting Uncomplicated firewall...
[   10.160866] systemd[1]: Starting Set console keymap...
         Starting Set console keymap...
[   10.164670] systemd[1]: Created slice system-serial\x2dgetty.slice.
[[0;32m  OK  [0m] Created slice system-serial\x2dgetty.slice.
[   10.174114] iscsi: registered transport (tcp)
[   10.176370] systemd[1]: Reached target Swap.
[[0;32m  OK  [0m] Reached target Swap.
[   10.184302] systemd[1]: Listening on udev Control Socket.
[[0;32m  OK  [0m] Listening on udev Control Socket.
[   10.188074] systemd[1]: Reached target Encrypted Volumes.
[[0;32m  OK  [0m] Reached target Encrypted Volumes.
[   10.191316] systemd[1]: Started Forward Password Requests to Wall Directory Watch.
[[0;32m  OK  [0m] Started Forward Password Requests to Wall Directory Watch.
[   10.200260] systemd[1]: Reached target System Time Synchronized.
[[0;32m  OK  [0m] Reached target System Time Synchronized.
[   10.204741] systemd[1]: Listening on udev Kernel Socket.
[[0;32m  OK  [0m] Listening on udev Kernel Socket.
[   10.208076] systemd[1]: Set up automount Arbitrary Executable File Formats File System Automount Point.
[[0;32m  OK  [0m] Set up automount Arbitrary Executab...ats File System Automount Point.
[   10.225541] systemd[1]: Reached target Slices.
[[0;32m  OK  [0m] Reached target Slices.
[   10.228986] systemd[1]: Listening on Journal Socket (/dev/log).
[[0;32m  OK  [0m] Listening on Journal Socket (/dev/log).
[   10.244616] iscsi: registered transport (iser)
[   10.247991] systemd[1]: Starting Journal Service...
         Starting Journal Service...
[   10.256016] systemd[1]: Reached target User and Group Name Lookups.
[[0;32m  OK  [0m] Reached target User and Group Name Lookups.
[   10.261551] systemd[1]: Mounted Debug File System.
[[0;32m  OK  [0m] Mounted Debug File System.
[   10.272069] systemd[1]: Mounted POSIX Message Queue File System.
[[0;32m  OK  [0m] Mounted POSIX Message Queue File System.
[   10.280389] systemd[1]: Mounted Huge Pages File System.
[[0;32m  OK  [0m] Mounted Huge Pages File System.
[   10.292847] systemd[1]: Started Load Kernel Modules.
[[0;32m  OK  [0m] Started Load Kernel Modules.
[   10.296744] systemd[1]: Started Remount Root and Kernel File Systems.
[[0;32m  OK  [0m] Started Remount Root and Kernel File Systems.
[   10.320531] systemd[1]: Started Create list of required static device nodes for the current kernel.
[[0;32m  OK  [0m] Started Create list of required sta...ce nodes for the current kernel.
[   10.325349] systemd[1]: Started Uncomplicated firewall.
[[0;32m  OK  [0m] Started Uncomplicated firewall.
[   10.337100] systemd[1]: Started Set console keymap.
[[0;32m  OK  [0m] Started Set console keymap.
[   10.359920] systemd[1]: Started Nameserver information manager.
[[0;32m  OK  [0m] Started Nameserver information manager.
[   10.365420] systemd[1]: Started Journal Service.
[[0;32m  OK  [0m] Started Journal Service.
[[0;32m  OK  [0m] Started LVM2 metadata daemon.
         Starting Create Static Device Nodes in /dev...
         Starting Load/Save Random Seed...
         Starting Flush Journal to Persistent Storage...
         Starting udev Coldplug all Devices...
         Starting Apply Kernel Variables...
         Mounting FUSE Control File System...
[[0;32m  OK  [0m] Mounted FUSE Control File System.
[[0;32m  OK  [0m] Started Load/Save Random Seed.
[   10.415070] systemd-journald[409]: Received request to flush runtime journal from PID 1
[[0;32m  OK  [0m] Started Flush Journal to Persistent Storage.
[[0;32m  OK  [0m] Started Apply Kernel Variables.
[[0;32m  OK  [0m] Started udev Coldplug all Devices.
[[0;32m  OK  [0m] Started Create Static Device Nodes in /dev.
         Starting udev Kernel Device Manager...
[[0;32m  OK  [0m] Started Monitoring of LVM2 mirrors,...ng dmeventd or progress polling.
[[0;32m  OK  [0m] Reached target Local File Systems (Pre).
[[0;32m  OK  [0m] Reached target Local File Systems.
         Starting Set console font and keymap...
         Starting Create Volatile Files and Directories...
         Starting Commit a transient machine-id on disk...
         Starting Initial cloud-init job (pre-networking)...
         Starting LSB: AppArmor initialization...
         Starting Tell Plymouth To Write Out Runtime Data...
[[0;32m  OK  [0m] Started Create Volatile Files and Directories.
[[0;32m  OK  [0m] Started Commit a transient machine-id on disk.
         Starting Update UTMP about System Boot/Shutdown...
[[0;32m  OK  [0m] Started Tell Plymouth To Write Out Runtime Data.
[[0;32m  OK  [0m] Started Update UTMP about System Boot/Shutdown.
[[0;32m  OK  [0m] Started udev Kernel Device Manager.
[[0;32m  OK  [0m] Started Dispatch Password Requests to Console Directory Watch.
[[0;32m  OK  [0m] Found device /dev/ttyS0.
[[0;32m  OK  [0m] Listening on Load/Save RF Kill Switch Status /dev/rfkill Watch.
[[0;32m  OK  [0m] Started LSB: AppArmor initialization.
         Starting Load AppArmor profiles managed internally by snapd...
[[0;32m  OK  [0m] Started Load AppArmor profiles managed internally by snapd.
[[0;32m  OK  [0m] Started Set console font and keymap.
[[0;32m  OK  [0m] Created slice system-getty.slice.
[   12.651411] cloud-init[484]: Cloud-init v. 20.2-45-g5f7825e2-0ubuntu1~16.04.1 running 'init-local' at Wed, 16 Sep 2020 03:04:02 +0000. Up 12.31 seconds.
[[0;32m  OK  [0m] Started Initial cloud-init job (pre-networking).
[[0;32m  OK  [0m] Reached target Network (Pre).
         Starting Raise network interfaces...
[[0;32m  OK  [0m] Started Raise network interfaces.
         Starting Initial cloud-init job (metadata service crawler)...
[[0;32m  OK  [0m] Reached target Network.
[   14.066402] cloud-init[957]: Cloud-init v. 20.2-45-g5f7825e2-0ubuntu1~16.04.1 running 'init' at Wed, 16 Sep 2020 03:04:02 +0000. Up 13.17 seconds.
[   14.072737] cloud-init[957]: ci-info: ++++++++++++++++++++++++++++++++++++++Net device info++++++++++++++++++++++++++++++++++++++
[   14.074384] cloud-init[957]: ci-info: +--------+------+----------------------------+---------------+--------+-------------------+
[   14.083486] cloud-init[957]: ci-info: | Device |  Up  |          Address           |      Mask     | Scope  |     Hw-Address    |
[   14.092401] cloud-init[957]: ci-info: +--------+------+----------------------------+---------------+--------+-------------------+
[   14.100397] cloud-init[957]: ci-info: | enp0s3 | True |         10.0.2.15          | 255.255.255.0 | global | 02:d4:60:56:24:74 |
[   14.112329] cloud-init[957]: ci-info: | enp0s3 | True | fe80::d4:60ff:fe56:2474/64 |       .       |  link  | 02:d4:60:56:24:74 |
[[0;32m  OK  [0m] Started Initial cloud-init job (metadata service crawler).
[   14.112497] cloud-init[957]: ci-info: |   lo   | True |         127.0.0.1          |   255.0.0.0   |  host  |         .         |
[   14.122352] cloud-init[957]: ci-info: |   lo   | True |          ::1/128           |       .       |  host  |         .         |
[   14.122583] cloud-init[957]: ci-info: +--------+------+----------------------------+---------------+--------+-------------------+
[   14.122672] cloud-init[957]: ci-info: +++++++++++++++++++++++++++Route IPv4 info++++++++++++++++++++++++++++
[   14.123016] cloud-init[957]: ci-info: +-------+-------------+----------+---------------+-----------+-------+
[   14.123454] cloud-init[957]: ci-info: | Route | Destination | Gateway  |    Genmask    | Interface | Flags |
[   14.123685] cloud-init[957]: ci-info: +-------+-------------+----------+---------------+-----------+-------+
[[0;32m  OK  [0m] Reached target Network is Online.
[   14.124310] cloud-init[957]: ci-info: |   0   |   0.0.0.0   | 10.0.2.2 |    0.0.0.0    |   enp0s3  |   UG  |
[   14.140385] cloud-init[957]: ci-info: |   1   |   10.0.2.0  | 0.0.0.0  | 255.255.255.0 |   enp0s3  |   U   |
[   14.149005] cloud-init[957]: ci-info: +-------+-------------+----------+---------------+-----------+-------+
[   14.149375] cloud-init[957]: ci-info: +++++++++++++++++++Route IPv6 info+++++++++++++++++++
[   14.149517] cloud-init[957]: ci-info: +-------+-------------+---------+-----------+-------+
[   14.149661] cloud-init[957]: ci-info: | Route | Destination | Gateway | Interface | Flags |
         Starting iSCSI initiator daemon (iscsid)...
[[0;32m  OK  [0m] Reached target Cloud-config availability.
[[0;32m  OK  [0m] Reached target System Initialization.
[[0;32m  OK  [0m] Started Message of the Day.
[[0;32m  OK  [0m] Listening on ACPID Listen Socket.
[   14.149951] cloud-init[[957]: [0;32m  OK  [0mci-info: +-------+-------------+---------+-----------+-------+
] Started Daily apt download activities.
[[0;32m  OK  [0m] Listening on D-Bus System Message Bus Socket.
[[0;32m  OK  [0m] Listening on UUID daemon activation socket.
[   14.167925] cloud-init[957]: ci-info: |   0   |  fe80::/64  |    ::   |   enp0s3  |   U   |
[   14.184331] [[0;32m  OK  [0m] Started ACPI Events Check.
[[0;32m  OK  [0m] Reached target Paths.
cloud-init[957]: ci-info: |   3   |   ff00::/8  |    ::   |   enp0s3  |   U   |
[[0;32m  OK  [0m] Started Daily apt upgrade and clean activities.
[   14.186853] cloud-init[957]: ci-info: +-------+-------------+---------+-----------+-------+
[   14.201166]          Starting LXD - unix socket.
[[0;32m  OK  [0m] Started Daily Cleanup of Temporary Directories.
[[0;32m  OK  [0m] Reached target Timers.
cloud-init[957]: Generating public/private rsa key pair.
[   14.208629]          Starting Socket activation for snappy daemon.
cloud-init[957]: Your identification has been saved in /etc/ssh/ssh_host_rsa_key.
[   14.216848] cloud-init[957]: Your public key has been saved in /etc/ssh/ssh_host_rsa_key.pub.
[   14.224292] [[0;32m  OK  [0m] Listening on LXD - unix socket.
[[0;32m  OK  [0m] Listening on Socket activation for snappy daemon.
cloud-init[957]: The key fingerprint is:
[   14.232420] cloud-init[957]: SHA256:qD4Aatdme4m3KPDSrxNjXS5Xfge58XeWhVmbP6sgYvo root@ubuntu-xenial[[0;32m  OK  [0m] Reached target Sockets.

[   14.234282] cloud-init[957]: The key's randomart image is:
[[0;32m  OK  [0m] Reached target Basic System.
[   14.235644] cloud-init[957]: +---[RSA 2048]----+
[   14.242662]          Starting Login Service...
cloud-init[957]: |                 |
[   14.248681] cloud-init[957]: |                .|
         Starting LSB: MD monitoring daemon...
[   14.262709] cloud-init[957]: |            .  +o|
[   14.276295] cloud-init[957]: |.      o . +  oo.|
[   14.284500] cloud-init[957]: |..  o + S   =   +|
[   14.292362] cloud-init[957]: |.o.= B o . o o ++|
[   14.302503] cloud-init[957]: |. *.* =o..... ..+|
[[0;32m  OK  [0m] Started D-Bus System Message Bus.
[   14.303439] cloud-init[957]: | . *.o++. . .  . |
[   14.310519] cloud-init[957]: |  ..*=+E.    ..  |
[   14.316906] cloud-init[957]: +----[SHA256]-----+
[   14.324230] cloud-init[957]: Generating public/private dsa key pair.
[   14.332349] cloud-init[957]: Your identification has been saved in /etc/ssh/ssh_host_dsa_key.
[   14.340245] cloud-init[957]: Your public key has been saved in /etc/ssh/ssh_host_dsa_key.pub.
[   14.348207] cloud-init[957]: The key fingerprint is:
[   14.356173] cloud-init[957]: SHA256:GKrxrIokYPldNSJXhF+cWDl2gn6GbCoJ1I90zyhSRVI root@ubuntu-xenial
[   14.364423] cloud-init[957]: The key's randomart image is:
[   14.372260] cloud-init[957]: +---[DSA 1024]----+
         Starting /etc/rc.local Compatibility...
[   14.373163] cloud-init[957]: |    ..+Eoo=.o    |
[   14.392332]          cloud-initStarting Pollinate to seed the pseudo random number generator...[957]: 
|   . +.o.o O .   |
[   14.393579]          cloud-initStarting System Logging Service...[957]: 
|  . o.=oBo+ +    |
[   14.400332]          Starting Virtualbox guest utils...
cloud-init[957]: |  .o +o=oO.o     |
[   14.408397] [[0;32m  OK  [0m] Started Deferred execution scheduler.
cloud-init[957]: |.o. + +.S o      |
[   14.416517] [[0;32m  OK  [0m] Started ACPI event daemon.
cloud-init[957]: |o .=.o..         |[[0;32m  OK  [0m] Started FUSE filesystem for LXC.
         Starting LSB: Record successful boot for GRUB...

[   14.420238] cloud-init[957]: |....o..          |
         Starting Snap Daemon...
[   14.428778] cloud-init[957]: |+  .             |
[   14.444390]          Starting Accounts Service...
cloud-init[957]: |o..              |
[   14.445504] cloud-init[957]: +----[SHA256]-----+
[   14.446922] cloud-init[957]: Generating public/private ecdsa key pair.
[   14.452393] cloud-init[[0;32m  OK  [0m] Started Regular background program processing daemon.
[957]: Your identification has been saved in /etc/ssh/ssh_host_ecdsa_key.
[   14.455467]          cloud-initStarting LXD - container startup/shutdown...[957]: 
Your public key has been saved in /etc/ssh/ssh_host_ecdsa_key.pub.
[   14.457841] cloud-init[[0;32m  OK  [0m] Started iSCSI initiator daemon (iscsid).
[957]: The key fingerprint is:
[   14.464642] cloud-init[957]: SHA256:CgxRVWvmKj3pkEYrJ6cXEt/+tLX5YuYIESKGNSdE3LE root@ubuntu-xenial
[[0;32m  OK  [0m] Started /etc/rc.local Compatibility.
[   14.466419] cloud-init[957]: The key's randomart image is:
[   14.482589] cloud-init[957]: +---[ECDSA 256]---+
[   14.489426] cloud-init[957]: | +Bo+o...        |
[   14.498670] cloud-init[957]: | o.=..   .       |
[[0;32m  OK  [0m] Started System Logging Service.
[   14.499970] cloud-init[957]: |. + E . +        |
[   14.512645] [[0;32m  OK  [0m] Started Login Service.
cloud-init[957]: | ..+ . =         |
[   14.514104] cloud-init[957]: |   o+.. S        |
[   14.524446] cloud-init[957]: |  ..o=.=         |
[[0;32m  OK  [0m] Started Unattended Upgrades Shutdown.
[   14.532467] cloud-init[957]: |  o.OoB . .      |
[   14.536220]          Starting Login to default iSCSI targets...
cloud-init[957]: |   B.+.+ ++o     |
[   14.538875] cloud-init[957]: |  ..  ..+++o.    |
[[0;32m  OK  [0m] Started LSB: Record successful boot for GRUB.
[   14.548336] cloud-init[957]: +----[SHA256]-----+
[   14.550313] cloud-init[957]: Generating public/private ed25519 key pair.
[   14.556994] cloud-init[957]: Your identification has been saved in /etc/ssh/ssh_host_ed25519_key.
[   14.565794] cloud-init[957]: Your public key has been saved in /etc/ssh/ssh_host_ed25519_key.pub.
[   14.572514] cloud-init[957]: The key fingerprint is:
[   14.580251] cloud-init[957]: SHA256:c7TFixB0XxXEFoxiq/KzM3Nha0eqzvFrWk8dLDm7o2k root@ubuntu-xenial
[   14.588323] cloud-init[957]: The key's randomart image is:
[   14.589295] cloud-init[957]: +--[ED25519 256]--+
[   14.596799] cloud-init[957]: |       .o .   *=+|
[   14.608467] cloud-init[957]: |         o = o + |
[[0;32m  OK  [0m] Started LSB: MD monitoring daemon.
[   14.609769] cloud-init[957]: |        . o * .  |
[   14.610666] cloud-init[957]: |         o = .o  |
[   14.613136] cloud-init[957]: |        S = .+ o |
[   14.614026] cloud-init[957]: |       . + o .= .|
[   14.624257] cloud-init[957]: |        o...=o . |
[   14.632253] cloud-init[957]: |        .*+E+o.  |
[   14.644853] cloud-init[957]: |        .*&=+o.  |
[   14.645808] cloud-init[957]: +----[SHA256]-----+
[[0;32m  OK  [0m] Started Login to default iSCSI targets.
[[0;32m  OK  [0m] Reached target Remote File Systems (Pre).
[[0;32m  OK  [0m] Reached target Remote File Systems.
         Starting LSB: daemon to balance interrupts for SMP systems...
         Starting LSB: Set the CPU Frequency Scaling governor to "ondemand"...
         Starting LSB: automatic crash report generation...
         Starting Permit User Sessions...
[[0;32m  OK  [0m] Started LSB: Set the CPU Frequency Scaling governor to "ondemand".
[[0;32m  OK  [0m] Started Permit User Sessions.
         Starting Hold until boot process finishes up...
         Starting Terminate Plymouth Boot Screen...
[[0;32m  OK  [0m] Started Hold until boot process finishes up.
[[0;32m  OK  [0m] Started Terminate Plymouth Boot Screen.
[[0;32m  OK  [0m] Started Serial Getty on ttyS0.
[[0;32m  OK  [0m] Started Getty on tty1.
[[0;32m  OK  [0m] Reached target Login Prompts.
         Starting Set console scheme...
[[0;32m  OK  [0m] Started Virtualbox guest utils.
[[0;32m  OK  [0m] Started LSB: daemon to balance interrupts for SMP systems.
[[0;32m  OK  [0m] Started Set console scheme.
[[0;32m  OK  [0m] Started LSB: automatic crash report generation.
         Starting Authenticate and Authorize Users to Run Privileged Tasks...
[[0;32m  OK  [0m] Started Authenticate and Authorize Users to Run Privileged Tasks.
[[0;32m  OK  [0m] Started Accounts Service.
[[0;32m  OK  [0m] Started LXD - container startup/shutdown.
[[0;32m  OK  [0m] Started Snap Daemon.
         Starting Wait until snapd is fully seeded...
[[0;32m  OK  [0m] Started Pollinate to seed the pseudo random number generator.
         Starting OpenBSD Secure Shell server...
[[0;32m  OK  [0m] Started OpenBSD Secure Shell server.
[[0;32m  OK  [0m] Created slice User Slice of vagrant.
         Starting User Manager for UID 1000...
[[0;32m  OK  [0m] Started Session 1 of user vagrant.
[[0;32m  OK  [0m] Started User Manager for UID 1000.
[[0;32m  OK  [0m] Started Session 2 of user vagrant.

Ubuntu 16.04.6 LTS ubuntu-xenial ttyS0

ubuntu-xenial login: [   21.012776] cloud-init[1656]: Generating locales (this might take a while)...
[   21.639787] cloud-init[1656]:   en_US.UTF-8... done
[   21.640455] cloud-init[1656]: Generation complete.
[   22.106059] cloud-init[1656]: Cloud-init v. 20.2-45-g5f7825e2-0ubuntu1~16.04.1 running 'modules:config' at Wed, 16 Sep 2020 03:04:10 +0000. Up 20.90 seconds.
ci-info: no authorized SSH keys fingerprints found for user ubuntu.
<14>Sep 16 03:04:12 ec2: 
<14>Sep 16 03:04:12 ec2: #############################################################
<14>Sep 16 03:04:12 ec2: -----BEGIN SSH HOST KEY FINGERPRINTS-----
<14>Sep 16 03:04:12 ec2: 1024 SHA256:GKrxrIokYPldNSJXhF+cWDl2gn6GbCoJ1I90zyhSRVI root@ubuntu-xenial (DSA)
<14>Sep 16 03:04:12 ec2: 256 SHA256:CgxRVWvmKj3pkEYrJ6cXEt/+tLX5YuYIESKGNSdE3LE root@ubuntu-xenial (ECDSA)
<14>Sep 16 03:04:12 ec2: 256 SHA256:c7TFixB0XxXEFoxiq/KzM3Nha0eqzvFrWk8dLDm7o2k root@ubuntu-xenial (ED25519)
<14>Sep 16 03:04:12 ec2: 2048 SHA256:qD4Aatdme4m3KPDSrxNjXS5Xfge58XeWhVmbP6sgYvo root@ubuntu-xenial (RSA)
<14>Sep 16 03:04:12 ec2: -----END SSH HOST KEY FINGERPRINTS-----
<14>Sep 16 03:04:12 ec2: #############################################################
-----BEGIN SSH HOST KEY KEYS-----
ecdsa-sha2-nistp256 AAAAE2VjZHNhLXNoYTItbmlzdHAyNTYAAAAIbmlzdHAyNTYAAABBBH4Q/HxOmJM3zfQMejzqYdMdbBm10UCoTPpqoRvNBjOX/x3EfaZcFa9fuCngLxYBDQ7wjc0Ze1MNnyzKra4RlKE= root@ubuntu-xenial
ssh-ed25519 AAAAC3NzaC1lZDI1NTE5AAAAIAig7TID1hozwxYHLemU1QBnckRXrZhBzVm1C55YyiMg root@ubuntu-xenial
ssh-rsa AAAAB3NzaC1yc2EAAAADAQABAAABAQDQ4cy1/o5X+yGTVvVRIAunZyPyaxjW+GT/3LmnF0CVsEzRsghvZd5OWbjngbRoGiTX3C0QFXyvjyLLzhQhqwmo0ngLyQ/a/odFLn7fp4aZVrLNw4HEumev0g9wO0/OpAZCtJlB6h9ODpIYPh00u94/IKuHZNu+ETjGKh+oq6/YEs2Knkg6IVWa6GElimuWtmN90O0Nd9BZeoZ7NzKFyQvhDWvppt4EsxLpYcB+4sIGqeOoxNEx9USqCHuXLBiODIczkwfncMejw891iN055b6WRjag0RHJu/xA1EvB9gYQMgCLawDcqlN6heYaFHyLTMl0t4Y1R9QpwiDSwp9WXrAH root@ubuntu-xenial
-----END SSH HOST KEY KEYS-----
[   22.496275] cloud-init[1773]: Cloud-init v. 20.2-45-g5f7825e2-0ubuntu1~16.04.1 running 'modules:final' at Wed, 16 Sep 2020 03:04:12 +0000. Up 22.35 seconds.
[   22.496492] cloud-init[1773]: ci-info: no authorized SSH keys fingerprints found for user ubuntu.
[   22.496721] cloud-init[1773]: Cloud-init v. 20.2-45-g5f7825e2-0ubuntu1~16.04.1 finished at Wed, 16 Sep 2020 03:04:12 +0000. Datasource DataSourceNoCloud [seed=/dev/sdb][dsmode=net].  Up 22.49 seconds
